// Jest Snapshot v1, https://goo.gl/fbAQLP

exports[`GameBoard should match a snapshot 1`] = `
ShallowWrapper {
  "length": 1,
  Symbol(enzyme.__root__): [Circular],
  Symbol(enzyme.__unrendered__): <GameBoard
    board={
        Array [
            0,
            0,
            0,
            0,
            0,
            0,
            0,
            0,
            0,
          ]
    }
    disabled={false}
    height={500}
    playerMoveHandler={[Function]}
    width={500}
/>,
  Symbol(enzyme.__renderer__): Object {
    "batchedUpdates": [Function],
    "getNode": [Function],
    "render": [Function],
    "simulateEvent": [Function],
    "unmount": [Function],
  },
  Symbol(enzyme.__node__): Object {
    "instance": null,
    "key": undefined,
    "nodeType": "host",
    "props": Object {
      "children": Array [
        <GameBoardLines
          height={500}
          width={500}
/>,
        <GameBoardSquares
          board={
                    Array [
                              0,
                              0,
                              0,
                              0,
                              0,
                              0,
                              0,
                              0,
                              0,
                            ]
          }
          height={500}
          playerMoveHandler={[Function]}
          width={500}
/>,
      ],
      "className": "game-board ",
      "height": 500,
      "width": 500,
    },
    "ref": null,
    "rendered": Array [
      Object {
        "instance": null,
        "key": undefined,
        "nodeType": "function",
        "props": Object {
          "height": 500,
          "width": 500,
        },
        "ref": null,
        "rendered": null,
        "type": [Function],
      },
      Object {
        "instance": null,
        "key": undefined,
        "nodeType": "function",
        "props": Object {
          "board": Array [
            0,
            0,
            0,
            0,
            0,
            0,
            0,
            0,
            0,
          ],
          "height": 500,
          "playerMoveHandler": [Function],
          "width": 500,
        },
        "ref": null,
        "rendered": null,
        "type": [Function],
      },
    ],
    "type": "svg",
  },
  Symbol(enzyme.__nodes__): Array [
    Object {
      "instance": null,
      "key": undefined,
      "nodeType": "host",
      "props": Object {
        "children": Array [
          <GameBoardLines
            height={500}
            width={500}
/>,
          <GameBoardSquares
            board={
                        Array [
                                    0,
                                    0,
                                    0,
                                    0,
                                    0,
                                    0,
                                    0,
                                    0,
                                    0,
                                  ]
            }
            height={500}
            playerMoveHandler={[Function]}
            width={500}
/>,
        ],
        "className": "game-board ",
        "height": 500,
        "width": 500,
      },
      "ref": null,
      "rendered": Array [
        Object {
          "instance": null,
          "key": undefined,
          "nodeType": "function",
          "props": Object {
            "height": 500,
            "width": 500,
          },
          "ref": null,
          "rendered": null,
          "type": [Function],
        },
        Object {
          "instance": null,
          "key": undefined,
          "nodeType": "function",
          "props": Object {
            "board": Array [
              0,
              0,
              0,
              0,
              0,
              0,
              0,
              0,
              0,
            ],
            "height": 500,
            "playerMoveHandler": [Function],
            "width": 500,
          },
          "ref": null,
          "rendered": null,
          "type": [Function],
        },
      ],
      "type": "svg",
    },
  ],
  Symbol(enzyme.__options__): Object {
    "adapter": ReactSixteenAdapter {
      "options": Object {
        "enableComponentDidUpdateOnSetState": true,
      },
    },
  },
}
`;
