// Jest Snapshot v1, https://goo.gl/fbAQLP

exports[`XPieceSVG should match a snapshot 1`] = `
ShallowWrapper {
  "length": 1,
  Symbol(enzyme.__root__): [Circular],
  Symbol(enzyme.__unrendered__): <XPieceSVG
    margin={25}
/>,
  Symbol(enzyme.__renderer__): Object {
    "batchedUpdates": [Function],
    "getNode": [Function],
    "render": [Function],
    "simulateEvent": [Function],
    "unmount": [Function],
  },
  Symbol(enzyme.__node__): Object {
    "instance": null,
    "key": undefined,
    "nodeType": "host",
    "props": Object {
      "children": Array [
        <EmptyPieceSVG />,
        <line
          x1="25%"
          x2="75%"
          y1="25%"
          y2="75%"
/>,
        <line
          x1="75%"
          x2="25%"
          y1="25%"
          y2="75%"
/>,
      ],
      "className": "x-piece-svg",
      "height": "100%",
      "viewBox": "0 0 100 100",
      "width": "100%",
      "x": "0",
      "y": "0",
    },
    "ref": null,
    "rendered": Array [
      Object {
        "instance": null,
        "key": undefined,
        "nodeType": "function",
        "props": Object {},
        "ref": null,
        "rendered": null,
        "type": [Function],
      },
      Object {
        "instance": null,
        "key": undefined,
        "nodeType": "host",
        "props": Object {
          "x1": "25%",
          "x2": "75%",
          "y1": "25%",
          "y2": "75%",
        },
        "ref": null,
        "rendered": null,
        "type": "line",
      },
      Object {
        "instance": null,
        "key": undefined,
        "nodeType": "host",
        "props": Object {
          "x1": "75%",
          "x2": "25%",
          "y1": "25%",
          "y2": "75%",
        },
        "ref": null,
        "rendered": null,
        "type": "line",
      },
    ],
    "type": "svg",
  },
  Symbol(enzyme.__nodes__): Array [
    Object {
      "instance": null,
      "key": undefined,
      "nodeType": "host",
      "props": Object {
        "children": Array [
          <EmptyPieceSVG />,
          <line
            x1="25%"
            x2="75%"
            y1="25%"
            y2="75%"
/>,
          <line
            x1="75%"
            x2="25%"
            y1="25%"
            y2="75%"
/>,
        ],
        "className": "x-piece-svg",
        "height": "100%",
        "viewBox": "0 0 100 100",
        "width": "100%",
        "x": "0",
        "y": "0",
      },
      "ref": null,
      "rendered": Array [
        Object {
          "instance": null,
          "key": undefined,
          "nodeType": "function",
          "props": Object {},
          "ref": null,
          "rendered": null,
          "type": [Function],
        },
        Object {
          "instance": null,
          "key": undefined,
          "nodeType": "host",
          "props": Object {
            "x1": "25%",
            "x2": "75%",
            "y1": "25%",
            "y2": "75%",
          },
          "ref": null,
          "rendered": null,
          "type": "line",
        },
        Object {
          "instance": null,
          "key": undefined,
          "nodeType": "host",
          "props": Object {
            "x1": "75%",
            "x2": "25%",
            "y1": "25%",
            "y2": "75%",
          },
          "ref": null,
          "rendered": null,
          "type": "line",
        },
      ],
      "type": "svg",
    },
  ],
  Symbol(enzyme.__options__): Object {
    "adapter": ReactSixteenAdapter {
      "options": Object {
        "enableComponentDidUpdateOnSetState": true,
      },
    },
  },
}
`;
